{
    "data": {
        "id": "27",
        "type": "genres",
        "attributes": {
            "name": "Created Genre"
        }
    },
    "links": {
        "self": "http:\/\/:\/genres"
    }
}
