{
    "errors": [
        {
            "status": "404",
            "title": "Resource Not Found error",
            "detail": "Resource type not found [notfound]"
        }
    ]
}
