{
    "data": [
        {
            "id": "85",
            "type": "invoice-items",
            "attributes": {
                "invoice-id": 17,
                "track-id": 488,
                "unit-price": "0.99",
                "quantity": 3
            },
            "relationships": {
                "invoices": {
                    "links": {
                        "self": "http:\/\/:\/invoice-items\/85\/relationship\/invoices",
                        "related": "http:\/\/:\/invoice-items\/85\/invoices"
                    }
                }
            }
        },
        {
            "id": "95",
            "type": "invoice-items",
            "attributes": {
                "invoice-id": 18,
                "track-id": 542,
                "unit-price": "0.99",
                "quantity": 4
            },
            "relationships": {
                "invoices": {
                    "links": {
                        "self": "http:\/\/:\/invoice-items\/95\/relationship\/invoices",
                        "related": "http:\/\/:\/invoice-items\/95\/invoices"
                    }
                }
            }
        },
        {
            "id": "110",
            "type": "invoice-items",
            "attributes": {
                "invoice-id": 19,
                "track-id": 671,
                "unit-price": "0.99",
                "quantity": 5
            },
            "relationships": {
                "invoices": {
                    "links": {
                        "self": "http:\/\/:\/invoice-items\/110\/relationship\/invoices",
                        "related": "http:\/\/:\/invoice-items\/110\/invoices"
                    }
                }
            }
        }
    ],
    "links": {
        "self": "http:\/\/:\/invoice-items"
    }
}
