{
    "data": {
        "id": "6",
        "type": "playlists",
        "attributes": {
            "name": "New Playlist"
        },
        "relationships": {
            "tracks": {
                "links": {
                    "self": "http:\/\/:\/playlists\/6\/relationship\/tracks",
                    "related": "http:\/\/:\/playlists\/6\/tracks"
                },
                "data": [
                    {
                        "type": "tracks",
                        "id": "15"
                    }
                ]
            }
        }
    },
    "included": [
        {
            "id": "15",
            "type": "tracks",
            "attributes": {
                "name": "Go Down",
                "composer": "AC\/DC",
                "milliseconds": 331180,
                "price": "0.99"
            }
        }
    ],
    "links": {
        "self": "http:\/\/:\/playlists"
    }
}
